<!DOCTYPE html><html><head>




  <title>Server-side rendering of Web Components</title>
</head>

<body>
  <div>
    <pull-quote marker="gabu"><p>The pull-quote-block with marker=gabu</p>
      <h3>The pull quote title</h3>
      <p>The pull quote text.</p>
    </pull-quote>
    <links-list>
      <ul>
        <li><a href="http://www.example.com"></a></li>
        <li><a href="http://www.adobe.com/aem"></a></li>
        <li><a href="https://github.com/adobe/web-platform-zoo/tree/main"></a></li>
      </ul>
    <template shadowroot="open"><h3>Shadow DOM here</h3><slot></slot></template></links-list>


</div></body></html>